     1 00000000                                 [FORMAT "WCOFF"]
     2 00000000                                 [INSTRSET "i486p"]
     3 00000000                                 [OPTIMIZE 1]
     4 00000000                                 [OPTION 1]
     5 00000000                                 [BITS 32]
     6 00000000                                 	EXTERN	_io_out8
     7 00000000                                 [FILE "int.c"]
     8                                          [SECTION .text]
     9 00000000                                 	GLOBAL	_init_pic
    10 00000000                                 _init_pic:
    11 00000000 55                              	PUSH	EBP
    12 00000001 89 E5                           	MOV	EBP,ESP
    13 00000003 68 000000FF                     	PUSH	255
    14 00000008 6A 21                           	PUSH	33
    15 0000000A E8 [00000000]                   	CALL	_io_out8
    16 0000000F 68 000000FF                     	PUSH	255
    17 00000014 68 000000A1                     	PUSH	161
    18 00000019 E8 [00000000]                   	CALL	_io_out8
    19 0000001E 6A 11                           	PUSH	17
    20 00000020 6A 20                           	PUSH	32
    21 00000022 E8 [00000000]                   	CALL	_io_out8
    22 00000027 6A 20                           	PUSH	32
    23 00000029 6A 21                           	PUSH	33
    24 0000002B E8 [00000000]                   	CALL	_io_out8
    25 00000030 83 C4 20                        	ADD	ESP,32
    26 00000033 6A 04                           	PUSH	4
    27 00000035 6A 21                           	PUSH	33
    28 00000037 E8 [00000000]                   	CALL	_io_out8
    29 0000003C 6A 01                           	PUSH	1
    30 0000003E 6A 21                           	PUSH	33
    31 00000040 E8 [00000000]                   	CALL	_io_out8
    32 00000045 6A 11                           	PUSH	17
    33 00000047 68 000000A0                     	PUSH	160
    34 0000004C E8 [00000000]                   	CALL	_io_out8
    35 00000051 6A 28                           	PUSH	40
    36 00000053 68 000000A1                     	PUSH	161
    37 00000058 E8 [00000000]                   	CALL	_io_out8
    38 0000005D 83 C4 20                        	ADD	ESP,32
    39 00000060 6A 02                           	PUSH	2
    40 00000062 6A 21                           	PUSH	33
    41 00000064 E8 [00000000]                   	CALL	_io_out8
    42 00000069 6A 01                           	PUSH	1
    43 0000006B 6A 21                           	PUSH	33
    44 0000006D E8 [00000000]                   	CALL	_io_out8
    45 00000072 68 000000FB                     	PUSH	251
    46 00000077 6A 21                           	PUSH	33
    47 00000079 E8 [00000000]                   	CALL	_io_out8
    48 0000007E 68 000000FF                     	PUSH	255
    49 00000083 68 000000A1                     	PUSH	161
    50 00000088 E8 [00000000]                   	CALL	_io_out8
    51 0000008D C9                              	LEAVE
    52 0000008E C3                              	RET
    53 0000008F                                 	GLOBAL	_inthandler27
    54 0000008F                                 _inthandler27:
    55 0000008F 55                              	PUSH	EBP
    56 00000090 89 E5                           	MOV	EBP,ESP
    57 00000092 6A 67                           	PUSH	103
    58 00000094 6A 20                           	PUSH	32
    59 00000096 E8 [00000000]                   	CALL	_io_out8
    60 0000009B C9                              	LEAVE
    61 0000009C C3                              	RET
